[chakoteya.net/NextGen/episodes.html]
[backblue.gif]
[fade.gif]
[index.html]
[chakoteya.net/NextGen/101.html]
[chakoteya.net/NextGen/103.html]
[chakoteya.net/NextGen/104.html]
[chakoteya.net/NextGen/107.html]
[chakoteya.net/NextGen/106.html]
[chakoteya.net/NextGen/108.html]
[chakoteya.net/NextGen/109.html]
[chakoteya.net/NextGen/110.html]
[chakoteya.net/NextGen/111.html]
[chakoteya.net/NextGen/105.html]
[chakoteya.net/NextGen/113.html]
[chakoteya.net/NextGen/114.html]
[chakoteya.net/NextGen/115.html]
[chakoteya.net/NextGen/116.html]
[chakoteya.net/NextGen/112.html]
[chakoteya.net/NextGen/118.html]
[chakoteya.net/NextGen/117.html]
[chakoteya.net/NextGen/119.html]
[chakoteya.net/NextGen/120.html]
[chakoteya.net/NextGen/121.html]
[chakoteya.net/NextGen/123.html]
[chakoteya.net/NextGen/122.html]
[chakoteya.net/NextGen/124.html]
[chakoteya.net/NextGen/125.html]
[chakoteya.net/NextGen/126.html]
[chakoteya.net/NextGen/127.html]
[chakoteya.net/NextGen/128.html]
[chakoteya.net/NextGen/129.html]
[chakoteya.net/NextGen/130.html]
[chakoteya.net/NextGen/132.html]
[chakoteya.net/NextGen/131.html]
[chakoteya.net/NextGen/133.html]
[chakoteya.net/NextGen/134.html]
[chakoteya.net/NextGen/135.html]
[chakoteya.net/NextGen/136.html]
[chakoteya.net/NextGen/137.html]
[chakoteya.net/NextGen/138.html]
[chakoteya.net/NextGen/139.html]
[chakoteya.net/NextGen/140.html]
[chakoteya.net/NextGen/141.html]
[chakoteya.net/NextGen/142.html]
[chakoteya.net/NextGen/143.html]
[chakoteya.net/NextGen/144.html]
[chakoteya.net/NextGen/145.html]
[chakoteya.net/NextGen/146.html]
[chakoteya.net/NextGen/147.html]
[chakoteya.net/NextGen/148.html]
[chakoteya.net/NextGen/150.html]
[chakoteya.net/NextGen/149.html]
[chakoteya.net/NextGen/151.html]
[chakoteya.net/NextGen/152.html]
[chakoteya.net/NextGen/153.html]
[chakoteya.net/NextGen/154.html]
[chakoteya.net/NextGen/155.html]
[chakoteya.net/NextGen/156.html]
[chakoteya.net/NextGen/157.html]
[chakoteya.net/NextGen/158.html]
[chakoteya.net/NextGen/159.html]
[chakoteya.net/NextGen/160.html]
[chakoteya.net/NextGen/161.html]
[chakoteya.net/NextGen/162.html]
[chakoteya.net/NextGen/163.html]
[chakoteya.net/NextGen/164.html]
[chakoteya.net/NextGen/165.html]
[chakoteya.net/NextGen/166.html]
[chakoteya.net/NextGen/167.html]
[chakoteya.net/NextGen/168.html]
[chakoteya.net/NextGen/169.html]
[chakoteya.net/NextGen/170.html]
[chakoteya.net/NextGen/171.html]
[chakoteya.net/NextGen/172.html]
[chakoteya.net/NextGen/173.html]
[chakoteya.net/NextGen/174.html]
[chakoteya.net/NextGen/175.html]
[chakoteya.net/NextGen/178.html]
[chakoteya.net/NextGen/177.html]
[chakoteya.net/NextGen/176.html]
[chakoteya.net/NextGen/179.html]
[chakoteya.net/NextGen/180.html]
[chakoteya.net/NextGen/181.html]
[chakoteya.net/NextGen/182.html]
[chakoteya.net/NextGen/183.html]
[chakoteya.net/NextGen/184.html]
[chakoteya.net/NextGen/185.html]
[chakoteya.net/NextGen/186.html]
[chakoteya.net/NextGen/187.html]
[chakoteya.net/NextGen/188.html]
[chakoteya.net/NextGen/189.html]
[chakoteya.net/NextGen/190.html]
[chakoteya.net/NextGen/191.html]
[chakoteya.net/NextGen/192.html]
[chakoteya.net/NextGen/193.html]
[chakoteya.net/NextGen/194.html]
[chakoteya.net/NextGen/195.html]
[chakoteya.net/NextGen/196.html]
[chakoteya.net/NextGen/197.html]
[chakoteya.net/NextGen/198.html]
[chakoteya.net/NextGen/199.html]
[chakoteya.net/NextGen/200.html]
[chakoteya.net/NextGen/201.html]
[chakoteya.net/NextGen/202.html]
[chakoteya.net/NextGen/203.html]
[chakoteya.net/NextGen/204.html]
[chakoteya.net/NextGen/205.html]
[chakoteya.net/NextGen/206.html]
[chakoteya.net/NextGen/208.html]
[chakoteya.net/NextGen/207.html]
[chakoteya.net/NextGen/209.html]
[chakoteya.net/NextGen/210.html]
[chakoteya.net/NextGen/211.html]
[chakoteya.net/NextGen/212.html]
[chakoteya.net/NextGen/213.html]
[chakoteya.net/NextGen/214.html]
[chakoteya.net/NextGen/215.html]
[chakoteya.net/NextGen/216.html]
[chakoteya.net/NextGen/217.html]
[chakoteya.net/NextGen/218.html]
[chakoteya.net/NextGen/219.html]
[chakoteya.net/NextGen/220.html]
[chakoteya.net/NextGen/221.html]
[chakoteya.net/NextGen/222.html]
[chakoteya.net/NextGen/223.html]
[chakoteya.net/NextGen/224.html]
[chakoteya.net/NextGen/225.html]
[chakoteya.net/NextGen/226.html]
[chakoteya.net/NextGen/227.html]
[chakoteya.net/NextGen/228.html]
[chakoteya.net/NextGen/229.html]
[chakoteya.net/NextGen/230.html]
[chakoteya.net/NextGen/231.html]
[chakoteya.net/NextGen/232.html]
[chakoteya.net/NextGen/233.html]
[chakoteya.net/NextGen/234.html]
[chakoteya.net/NextGen/235.html]
[chakoteya.net/NextGen/236.html]
[chakoteya.net/NextGen/237.html]
[chakoteya.net/NextGen/238.html]
[chakoteya.net/NextGen/239.html]
[chakoteya.net/NextGen/240.html]
[chakoteya.net/NextGen/241.html]
[chakoteya.net/NextGen/242.html]
[chakoteya.net/NextGen/243.html]
[chakoteya.net/NextGen/244.html]
[chakoteya.net/NextGen/245.html]
[chakoteya.net/NextGen/246.html]
[chakoteya.net/NextGen/247.html]
[chakoteya.net/NextGen/248.html]
[chakoteya.net/NextGen/249.html]
[chakoteya.net/NextGen/250.html]
[chakoteya.net/NextGen/251.html]
[chakoteya.net/NextGen/252.html]
[chakoteya.net/NextGen/253.html]
[chakoteya.net/NextGen/254.html]
[chakoteya.net/NextGen/255.html]
[chakoteya.net/NextGen/256.html]
[chakoteya.net/NextGen/257.html]
[chakoteya.net/NextGen/258.html]
[chakoteya.net/NextGen/259.html]
[chakoteya.net/NextGen/260.html]
[chakoteya.net/NextGen/261.html]
[chakoteya.net/NextGen/262.html]
[chakoteya.net/NextGen/263.html]
[chakoteya.net/NextGen/264.html]
[chakoteya.net/NextGen/265.html]
[chakoteya.net/NextGen/266.html]
[chakoteya.net/NextGen/267.html]
[chakoteya.net/NextGen/268.html]
[chakoteya.net/NextGen/269.html]
[chakoteya.net/NextGen/270.html]
[chakoteya.net/NextGen/271.html]
[chakoteya.net/NextGen/272.html]
[chakoteya.net/NextGen/273.html]
[chakoteya.net/NextGen/274.html]
[chakoteya.net/NextGen/275.html]
[chakoteya.net/NextGen/276.html]
[chakoteya.net/NextGen/277.html]
[chakoteya.net/NextGen/StatisticsTNG.docx]
[chakoteya.net/NextGen/episodes.html]
[chakoteya.net/NextGen/101.html]
[chakoteya.net/NextGen/103.html]
[chakoteya.net/NextGen/104.html]
[chakoteya.net/NextGen/107.html]
[chakoteya.net/NextGen/106.html]
[chakoteya.net/NextGen/108.html]
[chakoteya.net/NextGen/109.html]
[chakoteya.net/NextGen/110.html]
[chakoteya.net/NextGen/111.html]
[chakoteya.net/NextGen/105.html]
[chakoteya.net/NextGen/113.html]
[chakoteya.net/NextGen/114.html]
[chakoteya.net/NextGen/115.html]
[chakoteya.net/NextGen/116.html]
[chakoteya.net/NextGen/112.html]
[chakoteya.net/NextGen/118.html]
[chakoteya.net/NextGen/117.html]
[chakoteya.net/NextGen/119.html]
[chakoteya.net/NextGen/120.html]
[chakoteya.net/NextGen/121.html]
[chakoteya.net/NextGen/123.html]
[chakoteya.net/NextGen/122.html]
[chakoteya.net/NextGen/124.html]
[chakoteya.net/NextGen/125.html]
[chakoteya.net/NextGen/126.html]
[chakoteya.net/NextGen/127.html]
[chakoteya.net/NextGen/128.html]
[chakoteya.net/NextGen/129.html]
[chakoteya.net/NextGen/130.html]
[chakoteya.net/NextGen/132.html]
[chakoteya.net/NextGen/131.html]
[chakoteya.net/NextGen/133.html]
[chakoteya.net/NextGen/134.html]
[chakoteya.net/NextGen/135.html]
[chakoteya.net/NextGen/136.html]
[chakoteya.net/NextGen/137.html]
[chakoteya.net/NextGen/138.html]
[chakoteya.net/NextGen/139.html]
[chakoteya.net/NextGen/140.html]
[chakoteya.net/NextGen/141.html]
[chakoteya.net/NextGen/142.html]
[chakoteya.net/NextGen/143.html]
[chakoteya.net/NextGen/144.html]
[chakoteya.net/NextGen/145.html]
[chakoteya.net/NextGen/146.html]
[chakoteya.net/NextGen/147.html]
[chakoteya.net/NextGen/148.html]
[chakoteya.net/NextGen/150.html]
[chakoteya.net/NextGen/149.html]
[chakoteya.net/NextGen/151.html]
[chakoteya.net/NextGen/152.html]
[chakoteya.net/NextGen/153.html]
[chakoteya.net/NextGen/154.html]
[chakoteya.net/NextGen/155.html]
[chakoteya.net/NextGen/156.html]
[chakoteya.net/NextGen/157.html]
[chakoteya.net/NextGen/158.html]
[chakoteya.net/NextGen/159.html]
[chakoteya.net/NextGen/160.html]
[chakoteya.net/NextGen/161.html]
[chakoteya.net/NextGen/162.html]
[chakoteya.net/NextGen/163.html]
[chakoteya.net/NextGen/164.html]
[chakoteya.net/NextGen/165.html]
[chakoteya.net/NextGen/166.html]
[chakoteya.net/NextGen/167.html]
[chakoteya.net/NextGen/168.html]
[chakoteya.net/NextGen/169.html]
[chakoteya.net/NextGen/170.html]
[chakoteya.net/NextGen/171.html]
[chakoteya.net/NextGen/172.html]
[chakoteya.net/NextGen/173.html]
[chakoteya.net/NextGen/174.html]
[chakoteya.net/NextGen/175.html]
[chakoteya.net/NextGen/178.html]
[chakoteya.net/NextGen/177.html]
[chakoteya.net/NextGen/176.html]
[chakoteya.net/NextGen/179.html]
[chakoteya.net/NextGen/180.html]
[chakoteya.net/NextGen/181.html]
[chakoteya.net/NextGen/182.html]
[chakoteya.net/NextGen/183.html]
[chakoteya.net/NextGen/184.html]
[chakoteya.net/NextGen/185.html]
[chakoteya.net/NextGen/186.html]
[chakoteya.net/NextGen/187.html]
[chakoteya.net/NextGen/188.html]
[chakoteya.net/NextGen/189.html]
[chakoteya.net/NextGen/190.html]
[chakoteya.net/NextGen/191.html]
[chakoteya.net/NextGen/192.html]
[chakoteya.net/NextGen/193.html]
[chakoteya.net/NextGen/194.html]
[chakoteya.net/NextGen/195.html]
[chakoteya.net/NextGen/196.html]
[chakoteya.net/NextGen/197.html]
[chakoteya.net/NextGen/198.html]
[chakoteya.net/NextGen/199.html]
[chakoteya.net/NextGen/200.html]
[chakoteya.net/NextGen/201.html]
[chakoteya.net/NextGen/202.html]
[chakoteya.net/NextGen/203.html]
[chakoteya.net/NextGen/204.html]
[chakoteya.net/NextGen/205.html]
[chakoteya.net/NextGen/206.html]
[chakoteya.net/NextGen/208.html]
[chakoteya.net/NextGen/207.html]
[chakoteya.net/NextGen/209.html]
[chakoteya.net/NextGen/210.html]
[chakoteya.net/NextGen/211.html]
[chakoteya.net/NextGen/212.html]
[chakoteya.net/NextGen/213.html]
[chakoteya.net/NextGen/214.html]
[chakoteya.net/NextGen/215.html]
[chakoteya.net/NextGen/216.html]
[chakoteya.net/NextGen/217.html]
[chakoteya.net/NextGen/218.html]
[chakoteya.net/NextGen/219.html]
[chakoteya.net/NextGen/220.html]
[chakoteya.net/NextGen/221.html]
[chakoteya.net/NextGen/222.html]
[chakoteya.net/NextGen/223.html]
[chakoteya.net/NextGen/224.html]
[chakoteya.net/NextGen/225.html]
[chakoteya.net/NextGen/226.html]
[chakoteya.net/NextGen/227.html]
[chakoteya.net/NextGen/228.html]
[chakoteya.net/NextGen/229.html]
[chakoteya.net/NextGen/230.html]
[chakoteya.net/NextGen/231.html]
[chakoteya.net/NextGen/232.html]
[chakoteya.net/NextGen/233.html]
[chakoteya.net/NextGen/234.html]
[chakoteya.net/NextGen/235.html]
[chakoteya.net/NextGen/236.html]
[chakoteya.net/NextGen/237.html]
[chakoteya.net/NextGen/238.html]
[chakoteya.net/NextGen/239.html]
[chakoteya.net/NextGen/240.html]
[chakoteya.net/NextGen/241.html]
[chakoteya.net/NextGen/242.html]
[chakoteya.net/NextGen/243.html]
[chakoteya.net/NextGen/244.html]
[chakoteya.net/NextGen/245.html]
[chakoteya.net/NextGen/246.html]
[chakoteya.net/NextGen/247.html]
[chakoteya.net/NextGen/248.html]
[chakoteya.net/NextGen/249.html]
[chakoteya.net/NextGen/250.html]
[chakoteya.net/NextGen/251.html]
[chakoteya.net/NextGen/252.html]
[chakoteya.net/NextGen/253.html]
[chakoteya.net/NextGen/254.html]
[chakoteya.net/NextGen/255.html]
[chakoteya.net/NextGen/256.html]
[chakoteya.net/NextGen/257.html]
[chakoteya.net/NextGen/258.html]
[chakoteya.net/NextGen/259.html]
[chakoteya.net/NextGen/260.html]
[chakoteya.net/NextGen/261.html]
[chakoteya.net/NextGen/262.html]
[chakoteya.net/NextGen/263.html]
[chakoteya.net/NextGen/264.html]
[chakoteya.net/NextGen/265.html]
[chakoteya.net/NextGen/266.html]
[chakoteya.net/NextGen/267.html]
[chakoteya.net/NextGen/268.html]
[chakoteya.net/NextGen/269.html]
[chakoteya.net/NextGen/270.html]
[chakoteya.net/NextGen/271.html]
[chakoteya.net/NextGen/272.html]
[chakoteya.net/NextGen/273.html]
[chakoteya.net/NextGen/274.html]
[chakoteya.net/NextGen/275.html]
[chakoteya.net/NextGen/276.html]
[chakoteya.net/NextGen/277.html]
[chakoteya.net/NextGen/EpisodesTNG.xlsx]
